// Jest Snapshot v1, https://goo.gl/fbAQLP

exports[`Testing GifItem match in the Snapshoot 1`] = `
<div>
  <div
    class="card"
  >
    <img
      alt="RandomTitle"
      src="https://algo.com/"
    />
    <p>
      RandomTitle
    </p>
  </div>
</div>
`;
